  Determining projects to restore...
  All projects are up-to-date for restore.
D:\PackTrack\Components\Pages\Factory\Components\HierarchyExplorer.razor(4,8): warning CS0105: The using directive for 'PackTrack.Data' appeared previously in this namespace [D:\PackTrack\PackTrack.csproj]
D:\PackTrack\Components\Pages\Factory\FactoryDashboard.razor(6,24): error CS0102: The type 'FactoryDashboard' already contains a definition for 'FactoryService' [D:\PackTrack\PackTrack.csproj]

Build FAILED.

D:\PackTrack\Components\Pages\Factory\Components\HierarchyExplorer.razor(4,8): warning CS0105: The using directive for 'PackTrack.Data' appeared previously in this namespace [D:\PackTrack\PackTrack.csproj]
D:\PackTrack\Components\Pages\Factory\FactoryDashboard.razor(6,24): error CS0102: The type 'FactoryDashboard' already contains a definition for 'FactoryService' [D:\PackTrack\PackTrack.csproj]
    1 Warning(s)
    1 Error(s)

Time Elapsed 00:00:06.19

Workload updates are available. Run `dotnet workload list` for more information.
